[INFO] [2026-01-13 10:43:03] Music loaded and scheduled to play: D:\cpp_project\BANG!!!\bang!!!\123\beatmap/1\Noushou Sakuretsu Girl(cut).ogg
[INFO] [2026-01-13 10:43:03] Font loaded successfully: C:/Windows/Fonts/segoeui.ttf
[INFO] [2026-01-13 11:01:32] Music loaded and scheduled to play: D:\cpp_project\BANG!!!\bang!!!\123\beatmap/1\Noushou Sakuretsu Girl(cut).ogg
[INFO] [2026-01-13 11:01:32] First note judge time (relative to music): 2322.580566ms
[INFO] [2026-01-13 11:01:32] Music start time (timer): 2402ms
[INFO] [2026-01-13 11:01:32] Game start time (timer): 80ms
[INFO] [2026-01-13 11:01:32] Font loaded successfully: C:/Windows/Fonts/segoeui.ttf
[INFO] [2026-01-13 11:04:41] Music loaded and scheduled to play: D:\cpp_project\BANG!!!\bang!!!\123\beatmap/1\Noushou Sakuretsu Girl(cut).ogg
[INFO] [2026-01-13 11:04:41] First note judge time (relative to music): 2322.580566ms
[INFO] [2026-01-13 11:04:41] Music start time (timer): 3368ms
[INFO] [2026-01-13 11:04:41] Game start time (timer): 46ms
[INFO] [2026-01-13 11:04:41] Font loaded successfully: C:/Windows/Fonts/segoeui.ttf
[INFO] [2026-01-13 11:07:46] Music loaded and scheduled to play: D:\cpp_project\BANG!!!\bang!!!\123\beatmap/1\Noushou Sakuretsu Girl(cut).ogg
[INFO] [2026-01-13 11:07:46] First note judge time (relative to music): 2322.580566ms
[INFO] [2026-01-13 11:07:46] Music start time (timer): 1368ms
[INFO] [2026-01-13 11:07:46] Game start time (timer): 46ms
[INFO] [2026-01-13 11:07:46] Font loaded successfully: C:/Windows/Fonts/segoeui.ttf
[INFO] [2026-01-13 11:09:30] Music loaded and scheduled to play: D:\cpp_project\BANG!!!\bang!!!\123\beatmap/1\Noushou Sakuretsu Girl(cut).ogg
[INFO] [2026-01-13 11:09:30] First note judge time (relative to music): 2322.580566ms
[INFO] [2026-01-13 11:09:30] Music start time (timer): 1352ms
[INFO] [2026-01-13 11:09:30] Game start time (timer): 30ms
[INFO] [2026-01-13 11:09:30] Font loaded successfully: C:/Windows/Fonts/segoeui.ttf
[INFO] [2026-01-13 11:11:26] Music loaded and scheduled to play: D:\cpp_project\BANG!!!\bang!!!\123\beatmap/1\Noushou Sakuretsu Girl(cut).ogg
[INFO] [2026-01-13 11:11:26] First note judge time (relative to music): 2322.580566ms
[INFO] [2026-01-13 11:11:26] Music start time (timer): 1409ms
[INFO] [2026-01-13 11:11:26] Game start time (timer): 87ms
[INFO] [2026-01-13 11:11:26] Font loaded successfully: C:/Windows/Fonts/segoeui.ttf
[INFO] [2026-01-13 11:11:57] Music loaded and scheduled to play: D:\cpp_project\BANG!!!\bang!!!\123\beatmap/1\Noushou Sakuretsu Girl(cut).ogg
[INFO] [2026-01-13 11:11:57] First note judge time (relative to music): 2322.580566ms
[INFO] [2026-01-13 11:11:57] Music start time (timer): 1449ms
[INFO] [2026-01-13 11:11:57] Game start time (timer): 127ms
[INFO] [2026-01-13 11:11:57] Font loaded successfully: C:/Windows/Fonts/segoeui.ttf
[INFO] [2026-01-13 11:13:38] Music loaded and scheduled to play: D:\cpp_project\BANG!!!\bang!!!\123\beatmap/1\Noushou Sakuretsu Girl(cut).ogg
[INFO] [2026-01-13 11:13:38] First note judge time (relative to music): 2322.580566ms
[INFO] [2026-01-13 11:13:38] Music start time (timer): 1356ms
[INFO] [2026-01-13 11:13:38] Game start time (timer): 34ms
[INFO] [2026-01-13 11:13:38] Font loaded successfully: C:/Windows/Fonts/segoeui.ttf
[INFO] [2026-01-13 11:17:34] Music loaded and scheduled to play: D:\cpp_project\BANG!!!\bang!!!\123\beatmap/1\Noushou Sakuretsu Girl(cut).ogg
[INFO] [2026-01-13 11:17:34] First note judge time (relative to music): 2322.580566ms
[INFO] [2026-01-13 11:17:34] Music start time (timer): 2332ms
[INFO] [2026-01-13 11:17:34] Game start time (timer): 10ms
[INFO] [2026-01-13 11:17:34] Font loaded successfully: C:/Windows/Fonts/segoeui.ttf
[INFO] [2026-01-13 11:20:06] Music loaded and scheduled to play: D:\cpp_project\BANG!!!\bang!!!\123\beatmap/1\Noushou Sakuretsu Girl(cut).ogg
[INFO] [2026-01-13 11:20:06] First note judge time (relative to music): 2322.580566ms
[INFO] [2026-01-13 11:20:06] Music start time (timer): 69ms
[INFO] [2026-01-13 11:20:06] Game start time (timer): 69ms
[INFO] [2026-01-13 11:20:06] Font loaded successfully: C:/Windows/Fonts/segoeui.ttf
[INFO] [2026-01-13 11:37:38] Music loaded and scheduled to play: D:\cpp_project\BANG!!!\bang!!!\123\beatmap/1\Noushou Sakuretsu Girl(cut).ogg
[INFO] [2026-01-13 11:37:38] First note judge time (relative to music): 2322.580566ms
[INFO] [2026-01-13 11:37:38] Music start time (timer): 66ms
[INFO] [2026-01-13 11:37:38] Game start time (timer): 66ms
[INFO] [2026-01-13 11:37:38] Font loaded successfully: C:/Windows/Fonts/segoeui.ttf
[INFO] [2026-01-18 00:17:04] Music loaded and scheduled to play: D:\cpp_project\BANG!!!\bang!!!\123\beatmap/1\Noushou Sakuretsu Girl(cut).ogg
[INFO] [2026-01-18 00:17:04] First note judge time (relative to music): 2322.580566ms
[INFO] [2026-01-18 00:17:04] Music start time (timer): 141ms
[INFO] [2026-01-18 00:17:04] Game start time (timer): 141ms
[INFO] [2026-01-18 00:17:04] Font loaded successfully: C:/Windows/Fonts/segoeui.ttf
[INFO] [2026-01-18 00:24:47] Music loaded and scheduled to play: D:\cpp_project\BANG!!!\bang!!!\123\beatmap/1\Noushou Sakuretsu Girl(cut).ogg
[INFO] [2026-01-18 00:24:47] First note judge time (relative to music): 2322.580566ms
[INFO] [2026-01-18 00:24:47] Music start time (timer): 23ms
[INFO] [2026-01-18 00:24:47] Game start time (timer): 23ms
[INFO] [2026-01-18 00:24:47] Font loaded successfully: C:/Windows/Fonts/segoeui.ttf
[INFO] [2026-01-18 00:26:35] Music loaded and scheduled to play: D:\cpp_project\BANG!!!\bang!!!\123\beatmap/1\Noushou Sakuretsu Girl(cut).ogg
[INFO] [2026-01-18 00:26:35] First note judge time (relative to music): 2322.580566ms
[INFO] [2026-01-18 00:26:35] Music start time (timer): 27ms
[INFO] [2026-01-18 00:26:35] Game start time (timer): 27ms
[INFO] [2026-01-18 00:26:35] Font loaded successfully: C:/Windows/Fonts/segoeui.ttf
